npm notice run momo-year2-cambridge@0.1.0 npx
npm notice run vitest run tests\shop.test.ts

[1m[46m RUN [49m[22m [36mv3.2.7 [39m[90mC:/Users/momo/momomath-year2[39m

[90mstderr[2m | tests/shop.test.ts[2m > [22m[2mbuyItem applies every item effect[2m > [22m[2mstreak-saver increments streakSavers (was broken on the deployed site)
[22m[39m[zustand persist middleware] Unable to update item 'momomath-year2-player-v2', the given storage is currently unavailable.

[90mstderr[2m | tests/shop.test.ts[2m > [22m[2mbuyItem applies every item effect[2m > [22m[2mchest-boost and mega-chest flip their flags
[22m[39m[zustand persist middleware] Unable to update item 'momomath-year2-player-v2', the given storage is currently unavailable.
[zustand persist middleware] Unable to update item 'momomath-year2-player-v2', the given storage is currently unavailable.

[90mstderr[2m | tests/shop.test.ts[2m > [22m[2mbuyItem applies every item effect[2m > [22m[2mdouble-xp adds exactly 3 lessons per pack
[22m[39m[zustand persist middleware] Unable to update item 'momomath-year2-player-v2', the given storage is currently unavailable.
[zustand persist middleware] Unable to update item 'momomath-year2-player-v2', the given storage is currently unavailable.

[90mstderr[2m | tests/shop.test.ts[2m > [22m[2mbuyItem applies every item effect[2m > [22m[2mlucky-ticket increments luckyTickets
[22m[39m[zustand persist middleware] Unable to update item 'momomath-year2-player-v2', the given storage is currently unavailable.

[90mstderr[2m | tests/shop.test.ts[2m > [22m[2mbuyItem applies every item effect[2m > [22m[2mrejects purchases when gems are insufficient and never mutates state
[22m[39m[zustand persist middleware] Unable to update item 'momomath-year2-player-v2', the given storage is currently unavailable.

[90mstderr[2m | tests/shop.test.ts[2m > [22m[2mbuyItem applies every item effect[2m > [22m[2menforces every maxStack so you can never own more than allowed
[22m[39m[zustand persist middleware] Unable to update item 'momomath-year2-player-v2', the given storage is currently unavailable.
[zustand persist middleware] Unable to update item 'momomath-year2-player-v2', the given storage is currently unavailable.
[zustand persist middleware] Unable to update item 'momomath-year2-player-v2', the given storage is currently unavailable.
[zustand persist middleware] Unable to update item 'momomath-year2-player-v2', the given storage is currently unavailable.
[zustand persist middleware] Unable to update item 'momomath-year2-player-v2', the given storage is currently unavailable.
[zustand persist middleware] Unable to update item 'momomath-year2-player-v2', the given storage is currently unavailable.

 [32m✓[39m tests/shop.test.ts [2m([22m[2m18 tests[22m[2m)[22m[32m 34[2mms[22m[39m

[2m Test Files [22m [1m[32m1 passed[39m[22m[90m (1)[39m
[2m      Tests [22m [1m[32m18 passed[39m[22m[90m (18)[39m
[2m   Start at [22m 23:44:09
[2m   Duration [22m 5.79s[2m (transform 1.15s, setup 0ms, collect 2.11s, tests 34ms, environment 1ms, prepare 616ms)[22m

